Archive member included because of file (symbol)

d:/mostafa/embedded_tools/sdk_win_64/sdk_win_64/winavr/bin/../lib/gcc/avr/4.3.3/avr5\libgcc.a(_exit.o)
                              d:/mostafa/embedded_tools/sdk_win_64/sdk_win_64/winavr/bin/../lib/gcc/avr/4.3.3/../../../../avr/lib/avr5/crtm32.o (exit)
d:/mostafa/embedded_tools/sdk_win_64/sdk_win_64/winavr/bin/../lib/gcc/avr/4.3.3/avr5\libgcc.a(_copy_data.o)
                              ./SevenSegment_config.o (__do_copy_data)

Memory Configuration

Name             Origin             Length             Attributes
text             0x00000000         0x00020000         xr
data             0x00800060         0x0000ffa0         rw !x
eeprom           0x00810000         0x00010000         rw !x
fuse             0x00820000         0x00000400         rw !x
lock             0x00830000         0x00000400         rw !x
signature        0x00840000         0x00000400         rw !x
*default*        0x00000000         0xffffffff

Linker script and memory map

LOAD d:/mostafa/embedded_tools/sdk_win_64/sdk_win_64/winavr/bin/../lib/gcc/avr/4.3.3/../../../../avr/lib/avr5/crtm32.o
LOAD ./DIO_program.o
LOAD ./SevenSegment_config.o
LOAD ./SevenSegment_program.o
LOAD ./main.o
LOAD d:/mostafa/embedded_tools/sdk_win_64/sdk_win_64/winavr/bin/../lib/gcc/avr/4.3.3/avr5\libgcc.a
LOAD d:/mostafa/embedded_tools/sdk_win_64/sdk_win_64/winavr/bin/../lib/gcc/avr/4.3.3/../../../../avr/lib/avr5\libc.a
LOAD d:/mostafa/embedded_tools/sdk_win_64/sdk_win_64/winavr/bin/../lib/gcc/avr/4.3.3/avr5\libgcc.a

.hash
 *(.hash)

.dynsym
 *(.dynsym)

.dynstr
 *(.dynstr)

.gnu.version
 *(.gnu.version)

.gnu.version_d
 *(.gnu.version_d)

.gnu.version_r
 *(.gnu.version_r)

.rel.init
 *(.rel.init)

.rela.init
 *(.rela.init)

.rel.text
 *(.rel.text)
 *(.rel.text.*)
 *(.rel.gnu.linkonce.t*)

.rela.text
 *(.rela.text)
 *(.rela.text.*)
 *(.rela.gnu.linkonce.t*)

.rel.fini
 *(.rel.fini)

.rela.fini
 *(.rela.fini)

.rel.rodata
 *(.rel.rodata)
 *(.rel.rodata.*)
 *(.rel.gnu.linkonce.r*)

.rela.rodata
 *(.rela.rodata)
 *(.rela.rodata.*)
 *(.rela.gnu.linkonce.r*)

.rel.data
 *(.rel.data)
 *(.rel.data.*)
 *(.rel.gnu.linkonce.d*)

.rela.data
 *(.rela.data)
 *(.rela.data.*)
 *(.rela.gnu.linkonce.d*)

.rel.ctors
 *(.rel.ctors)

.rela.ctors
 *(.rela.ctors)

.rel.dtors
 *(.rel.dtors)

.rela.dtors
 *(.rela.dtors)

.rel.got
 *(.rel.got)

.rela.got
 *(.rela.got)

.rel.bss
 *(.rel.bss)

.rela.bss
 *(.rela.bss)

.rel.plt
 *(.rel.plt)

.rela.plt
 *(.rela.plt)

.text           0x00000000     0x1006
 *(.vectors)
 .vectors       0x00000000       0x54 d:/mostafa/embedded_tools/sdk_win_64/sdk_win_64/winavr/bin/../lib/gcc/avr/4.3.3/../../../../avr/lib/avr5/crtm32.o
                0x00000000                __vectors
                0x00000000                __vector_default
 *(.vectors)
 *(.progmem.gcc*)
 *(.progmem*)
                0x00000054                . = ALIGN (0x2)
                0x00000054                __trampolines_start = .
 *(.trampolines)
 .trampolines   0x00000054        0x0 linker stubs
 *(.trampolines*)
                0x00000054                __trampolines_end = .
 *(.jumptables)
 *(.jumptables*)
 *(.lowtext)
 *(.lowtext*)
                0x00000054                __ctors_start = .
 *(.ctors)
                0x00000054                __ctors_end = .
                0x00000054                __dtors_start = .
 *(.dtors)
                0x00000054                __dtors_end = .
 SORT(*)(.ctors)
 SORT(*)(.dtors)
 *(.init0)
 .init0         0x00000054        0x0 d:/mostafa/embedded_tools/sdk_win_64/sdk_win_64/winavr/bin/../lib/gcc/avr/4.3.3/../../../../avr/lib/avr5/crtm32.o
                0x00000054                __init
 *(.init0)
 *(.init1)
 *(.init1)
 *(.init2)
 .init2         0x00000054        0xc d:/mostafa/embedded_tools/sdk_win_64/sdk_win_64/winavr/bin/../lib/gcc/avr/4.3.3/../../../../avr/lib/avr5/crtm32.o
 *(.init2)
 *(.init3)
 *(.init3)
 *(.init4)
 .init4         0x00000060       0x16 d:/mostafa/embedded_tools/sdk_win_64/sdk_win_64/winavr/bin/../lib/gcc/avr/4.3.3/avr5\libgcc.a(_copy_data.o)
                0x00000060                __do_copy_data
 *(.init4)
 *(.init5)
 *(.init5)
 *(.init6)
 *(.init6)
 *(.init7)
 *(.init7)
 *(.init8)
 *(.init8)
 *(.init9)
 .init9         0x00000076        0x8 d:/mostafa/embedded_tools/sdk_win_64/sdk_win_64/winavr/bin/../lib/gcc/avr/4.3.3/../../../../avr/lib/avr5/crtm32.o
 *(.init9)
 *(.text)
 .text          0x0000007e        0x4 d:/mostafa/embedded_tools/sdk_win_64/sdk_win_64/winavr/bin/../lib/gcc/avr/4.3.3/../../../../avr/lib/avr5/crtm32.o
                0x0000007e                __vector_1
                0x0000007e                __vector_12
                0x0000007e                __bad_interrupt
                0x0000007e                __vector_6
                0x0000007e                __vector_3
                0x0000007e                __vector_11
                0x0000007e                __vector_13
                0x0000007e                __vector_17
                0x0000007e                __vector_19
                0x0000007e                __vector_7
                0x0000007e                __vector_5
                0x0000007e                __vector_4
                0x0000007e                __vector_9
                0x0000007e                __vector_2
                0x0000007e                __vector_15
                0x0000007e                __vector_8
                0x0000007e                __vector_14
                0x0000007e                __vector_10
                0x0000007e                __vector_16
                0x0000007e                __vector_18
                0x0000007e                __vector_20
 .text          0x00000082        0x0 ./DIO_program.o
 .text          0x00000082        0x0 ./SevenSegment_config.o
 .text          0x00000082        0x0 ./SevenSegment_program.o
 .text          0x00000082        0x0 ./main.o
 .text          0x00000082        0x0 d:/mostafa/embedded_tools/sdk_win_64/sdk_win_64/winavr/bin/../lib/gcc/avr/4.3.3/avr5\libgcc.a(_exit.o)
 .text          0x00000082        0x0 d:/mostafa/embedded_tools/sdk_win_64/sdk_win_64/winavr/bin/../lib/gcc/avr/4.3.3/avr5\libgcc.a(_copy_data.o)
                0x00000082                . = ALIGN (0x2)
 *(.text.*)
 .text.DIO_enuInit
                0x00000082       0x5a ./DIO_program.o
                0x00000082                DIO_enuInit
 .text.DIO_enuSetPinDirection
                0x000000dc      0x1d8 ./DIO_program.o
                0x000000dc                DIO_enuSetPinDirection
 .text.DIO_enuSetPinValue
                0x000002b4      0x1de ./DIO_program.o
                0x000002b4                DIO_enuSetPinValue
 .text.DIO_enuTogglePinValue
                0x00000492      0x11c ./DIO_program.o
                0x00000492                DIO_enuTogglePinValue
 .text.DIO_enuGetPinValue
                0x000005ae      0x142 ./DIO_program.o
                0x000005ae                DIO_enuGetPinValue
 .text.SevenSegment_enuInit
                0x000006f0      0x4c4 ./SevenSegment_program.o
                0x000006f0                SevenSegment_enuInit
 .text.SevenSegment_enuDisplay
                0x00000bb4      0x140 ./SevenSegment_program.o
                0x00000bb4                SevenSegment_enuDisplay
 .text.SevenSegment_enuEnableCommon
                0x00000cf4       0x74 ./SevenSegment_program.o
                0x00000cf4                SevenSegment_enuEnableCommon
 .text.SevenSegment_enuDisableCommon
                0x00000d68       0x74 ./SevenSegment_program.o
                0x00000d68                SevenSegment_enuDisableCommon
 .text.SevenSegment_enuEnableDot
                0x00000ddc       0x74 ./SevenSegment_program.o
                0x00000ddc                SevenSegment_enuEnableDot
 .text.SevenSegment_enuDisableDot
                0x00000e50       0x74 ./SevenSegment_program.o
                0x00000e50                SevenSegment_enuDisableDot
 .text.SevenSegment_enuStopDisplay
                0x00000ec4      0x118 ./SevenSegment_program.o
                0x00000ec4                SevenSegment_enuStopDisplay
 .text.main     0x00000fdc       0x26 ./main.o
                0x00000fdc                main
 .text.libgcc   0x00001002        0x0 d:/mostafa/embedded_tools/sdk_win_64/sdk_win_64/winavr/bin/../lib/gcc/avr/4.3.3/avr5\libgcc.a(_exit.o)
 .text.libgcc   0x00001002        0x0 d:/mostafa/embedded_tools/sdk_win_64/sdk_win_64/winavr/bin/../lib/gcc/avr/4.3.3/avr5\libgcc.a(_copy_data.o)
                0x00001002                . = ALIGN (0x2)
 *(.fini9)
 .fini9         0x00001002        0x0 d:/mostafa/embedded_tools/sdk_win_64/sdk_win_64/winavr/bin/../lib/gcc/avr/4.3.3/avr5\libgcc.a(_exit.o)
                0x00001002                exit
                0x00001002                _exit
 *(.fini9)
 *(.fini8)
 *(.fini8)
 *(.fini7)
 *(.fini7)
 *(.fini6)
 *(.fini6)
 *(.fini5)
 *(.fini5)
 *(.fini4)
 *(.fini4)
 *(.fini3)
 *(.fini3)
 *(.fini2)
 *(.fini2)
 *(.fini1)
 *(.fini1)
 *(.fini0)
 .fini0         0x00001002        0x4 d:/mostafa/embedded_tools/sdk_win_64/sdk_win_64/winavr/bin/../lib/gcc/avr/4.3.3/avr5\libgcc.a(_exit.o)
 *(.fini0)
                0x00001006                _etext = .

.data           0x00800060       0x46 load address 0x00001006
                0x00800060                PROVIDE (__data_start, .)
 *(.data)
 .data          0x00800060        0x0 d:/mostafa/embedded_tools/sdk_win_64/sdk_win_64/winavr/bin/../lib/gcc/avr/4.3.3/../../../../avr/lib/avr5/crtm32.o
 .data          0x00800060        0x0 ./DIO_program.o
 .data          0x00800060        0x0 ./SevenSegment_config.o
 .data          0x00800060        0x0 ./SevenSegment_program.o
 .data          0x00800060        0x0 ./main.o
 .data          0x00800060        0x0 d:/mostafa/embedded_tools/sdk_win_64/sdk_win_64/winavr/bin/../lib/gcc/avr/4.3.3/avr5\libgcc.a(_exit.o)
 .data          0x00800060        0x0 d:/mostafa/embedded_tools/sdk_win_64/sdk_win_64/winavr/bin/../lib/gcc/avr/4.3.3/avr5\libgcc.a(_copy_data.o)
 *(.data*)
 .data.SevenSegment_Au8CMN_CTH_Values
                0x00800060       0x10 ./SevenSegment_config.o
 .data.SevenSegment_AstrSSGConfig
                0x00800070       0x26 ./SevenSegment_config.o
                0x00800070                SevenSegment_AstrSSGConfig
 .data.SevenSegment_Au8CMN_CTH_Values
                0x00800096       0x10 ./SevenSegment_program.o
 *(.rodata)
 *(.rodata*)
 *(.gnu.linkonce.d*)
                0x008000a6                . = ALIGN (0x2)
                0x008000a6                _edata = .
                0x008000a6                PROVIDE (__data_end, .)

.bss            0x008000a6        0x0
                0x008000a6                PROVIDE (__bss_start, .)
 *(.bss)
 .bss           0x008000a6        0x0 d:/mostafa/embedded_tools/sdk_win_64/sdk_win_64/winavr/bin/../lib/gcc/avr/4.3.3/../../../../avr/lib/avr5/crtm32.o
 .bss           0x008000a6        0x0 ./DIO_program.o
 .bss           0x008000a6        0x0 ./SevenSegment_config.o
 .bss           0x008000a6        0x0 ./SevenSegment_program.o
 .bss           0x008000a6        0x0 ./main.o
 .bss           0x008000a6        0x0 d:/mostafa/embedded_tools/sdk_win_64/sdk_win_64/winavr/bin/../lib/gcc/avr/4.3.3/avr5\libgcc.a(_exit.o)
 .bss           0x008000a6        0x0 d:/mostafa/embedded_tools/sdk_win_64/sdk_win_64/winavr/bin/../lib/gcc/avr/4.3.3/avr5\libgcc.a(_copy_data.o)
 *(.bss*)
 *(COMMON)
                0x008000a6                PROVIDE (__bss_end, .)
                0x00001006                __data_load_start = LOADADDR (.data)
                0x0000104c                __data_load_end = (__data_load_start + SIZEOF (.data))

.noinit         0x008000a6        0x0
                0x008000a6                PROVIDE (__noinit_start, .)
 *(.noinit*)
                0x008000a6                PROVIDE (__noinit_end, .)
                0x008000a6                _end = .
                0x008000a6                PROVIDE (__heap_start, .)

.eeprom         0x00810000        0x0
 *(.eeprom*)
                0x00810000                __eeprom_end = .

.fuse
 *(.fuse)
 *(.lfuse)
 *(.hfuse)
 *(.efuse)

.lock
 *(.lock*)

.signature
 *(.signature*)

.stab           0x00000000     0x1158
 *(.stab)
 .stab          0x00000000      0x660 ./DIO_program.o
 .stab          0x00000660      0x150 ./SevenSegment_config.o
                                0x1f8 (size before relaxing)
 .stab          0x000007b0      0x6b4 ./SevenSegment_program.o
                                0x78c (size before relaxing)
 .stab          0x00000e64      0x2f4 ./main.o
                                0x3cc (size before relaxing)

.stabstr        0x00000000      0xda5
 *(.stabstr)
 .stabstr       0x00000000      0xda5 ./DIO_program.o

.stab.excl
 *(.stab.excl)

.stab.exclstr
 *(.stab.exclstr)

.stab.index
 *(.stab.index)

.stab.indexstr
 *(.stab.indexstr)

.comment
 *(.comment)

.debug
 *(.debug)

.line
 *(.line)

.debug_srcinfo
 *(.debug_srcinfo)

.debug_sfnames
 *(.debug_sfnames)

.debug_aranges
 *(.debug_aranges)

.debug_pubnames
 *(.debug_pubnames)

.debug_info
 *(.debug_info)
 *(.gnu.linkonce.wi.*)

.debug_abbrev
 *(.debug_abbrev)

.debug_line
 *(.debug_line)

.debug_frame
 *(.debug_frame)

.debug_str
 *(.debug_str)

.debug_loc
 *(.debug_loc)

.debug_macinfo
 *(.debug_macinfo)
OUTPUT(SevenSegment_Driver_LinkingTimeConfiguration.elf elf32-avr)
LOAD linker stubs
